#client
plugin@org.eclipse.orion.client.core=GIT,tag=v20110113-1200,repo=dev.eclipse.org:/gitroot/e4/org.eclipse.orion.client.git,path=bundles/org.eclipse.orion.client.core
plugin@org.eclipse.orion.client.editor=GIT,tag=v20110113-1200,repo=dev.eclipse.org:/gitroot/e4/org.eclipse.orion.client.git,path=bundles/org.eclipse.orion.client.editor

#server
plugin@org.eclipse.orion.launching=GIT,tag=v20110113-1200,repo=dev.eclipse.org:/gitroot/e4/org.eclipse.orion.server.git,path=bundles/org.eclipse.orion.launching
plugin@org.eclipse.orion.server.core=GIT,tag=v20110113-1200,repo=dev.eclipse.org:/gitroot/e4/org.eclipse.orion.server.git,path=bundles/org.eclipse.orion.server.core
plugin@org.eclipse.orion.server.servlets=GIT,tag=v20110113-1200,repo=dev.eclipse.org:/gitroot/e4/org.eclipse.orion.server.git,path=bundles/org.eclipse.orion.server.servlets
plugin@org.eclipse.orion.server.configurator=GIT,tag=v20110113-1200,repo=dev.eclipse.org:/gitroot/e4/org.eclipse.orion.server.git,path=bundles/org.eclipse.orion.server.configurator
plugin@org.eclipse.orion.server.basicauth=GIT,tag=v20110113-1200,repo=dev.eclipse.org:/gitroot/e4/org.eclipse.orion.server.git,path=bundles/org.eclipse.orion.server.basicauth
plugin@org.eclipse.orion.server.authentication.form=GIT,tag=v20110113-1200,repo=dev.eclipse.org:/gitroot/e4/org.eclipse.orion.server.git,path=bundles/org.eclipse.orion.server.authentication.form
plugin@org.eclipse.orion.server.authentication.form.core=GIT,tag=v20110113-1200,repo=dev.eclipse.org:/gitroot/e4/org.eclipse.orion.server.git,path=bundles/org.eclipse.orion.server.authentication.form.core
plugin@org.eclipse.orion.server.authentication.formopenid=GIT,tag=v20110113-1200,repo=dev.eclipse.org:/gitroot/e4/org.eclipse.orion.server.git,path=bundles/org.eclipse.orion.server.authentication.formopenid
plugin@org.eclipse.orion.server.authentication.openid=GIT,tag=v20110113-1200,repo=dev.eclipse.org:/gitroot/e4/org.eclipse.orion.server.git,path=bundles/org.eclipse.orion.server.authentication.openid
plugin@org.eclipse.orion.server.authentication.openid.core=GIT,tag=v20110113-1200,repo=dev.eclipse.org:/gitroot/e4/org.eclipse.orion.server.git,path=bundles/org.eclipse.orion.server.authentication.openid.core
plugin@org.eclipse.orion.server.authentication.basic=GIT,tag=v20110113-1200,repo=dev.eclipse.org:/gitroot/e4/org.eclipse.orion.server.git,path=bundles/org.eclipse.orion.server.authentication.basic
plugin@org.eclipse.orion.server.filesystem.git=GIT,tag=v20110113-1200,repo=dev.eclipse.org:/gitroot/e4/org.eclipse.orion.server.git,path=bundles/org.eclipse.orion.server.filesystem.git
plugin@org.eclipse.orion.server.useradmin=GIT,tag=v20110113-1200,repo=dev.eclipse.org:/gitroot/e4/org.eclipse.orion.server.git,path=/bundles/org.eclipse.orion.server.useradmin
plugin@org.eclipse.orion.server.useradmin.xml=GIT,tag=v20110113-1200,repo=dev.eclipse.org:/gitroot/e4/org.eclipse.orion.server.git,path=bundles/org.eclipse.orion.server.useradmin.xml
plugin@org.eclipse.orion.server.search=GIT,tag=v20110113-1200,repo=dev.eclipse.org:/gitroot/e4/org.eclipse.orion.server.git,path=bundles/org.eclipse.orion.server.search
fragment@org.eclipse.orion.server.logback.config=GIT,tag=v20110113-1200,repo=dev.eclipse.org:/gitroot/e4/org.eclipse.orion.server.git,path=bundles/org.eclipse.orion.server.logback.config

#doc
plugin@org.eclipse.orion.doc.isv=GIT,tag=v20110113-1400,repo=dev.eclipse.org:/gitroot/e4/org.eclipse.orion.server.git,path=doc/org.eclipse.orion.doc.isv


plugin@org.eclipse.e4.languages.javascript.framework=CVS,tag=v20101028-1345,cvsRoot=:pserver:anonymous@dev.eclipse.org:/cvsroot/eclipse,path=e4/org.eclipse.e4.languages/bundles/org.eclipse.e4.languages.javascript.framework
plugin@org.eclipse.e4.languages.javascript.junit=CVS,tag=v20101028-1345,cvsRoot=:pserver:anonymous@dev.eclipse.org:/cvsroot/eclipse,path=e4/org.eclipse.e4.languages/bundles/org.eclipse.e4.languages.javascript.junit

#plugin@org.dojotoolkit=GIT,tag=v150-20100902-IBM,repo=dev.eclipse.org:/gitroot/e4/org.eclipse.orion.server.git,path=dependencies/openid4java
#plugin@openid4java=GIT,tag=v20101129,repo=dev.eclipse.org:/gitroot/e4/org.eclipse.orion.server.git,path=dependencies/openid4java
#plugin@nekohtml=GIT,tag=v20101129,repo=dev.eclipse.org:/gitroot/e4/org.eclipse.orion.server.git,path=dependencies/nekohtml
#plugin@org.openajax=GIT,tag=v20101208-1555,repo=dev.eclipse.org:/gitroot/e4/org.openajax

plugin@org.dojotoolkit=CVS,tag=v150-20100902-IBM,cvsRoot=:ext:ottawa@ottcvs1.ottawa.ibm.com:/home/cvs/desktop,path=org.dojotoolkit
plugin@org.openajax=CVS,tag=v20101208-1555,cvsRoot=:ext:ottawa@ottcvs1.ottawa.ibm.com:/home/cvs/desktop,path=org.openajax
plugin@openid4java=CVS,tag=v20101129,cvsRoot=:ext:ottawa@ottcvs1.ottawa.ibm.com:/home/cvs/desktop,path=org.eclipse.e4.webide.server/dependencies/openid4java
plugin@nekohtml=CVS,tag=v20101129,cvsRoot=:ext:ottawa@ottcvs1.ottawa.ibm.com:/home/cvs/desktop,path=org.eclipse.e4.webide.server/dependencies/nekohtml


#git
plugin@org.eclipse.jgit=p2IU,id=org.eclipse.jgit,repository=http://eclipse.org/external/egit/updates-nightly
plugin@org.eclipse.egit.core=p2IU,id=org.eclipse.egit.core,repository=http://eclipse.org/external/egit/updates-nightly

#features
feature@org.eclipse.orion.base.feature=GIT,tag=v20110113-1200,repo=dev.eclipse.org:/gitroot/e4/org.eclipse.orion.server.git,path=features/org.eclipse.orion.base-feature
feature@org.eclipse.orion.server.feature=GIT,tag=v20110113-1624,repo=dev.eclipse.org:/gitroot/e4/org.eclipse.orion.server.git,path=features/org.eclipse.orion.server-feature
feature@org.eclipse.orion.server.search.feature=GIT,tag=v20110113-1200,repo=dev.eclipse.org:/gitroot/e4/org.eclipse.orion.server.git,path=features/org.eclipse.orion.server.search-feature
feature@org.eclipse.orion.server.authentication.feature=GIT,tag=v20110113-1200,repo=dev.eclipse.org:/gitroot/e4/org.eclipse.orion.server.git,path=features/org.eclipse.orion.server.authentication-feature
feature@org.eclipse.orion.client.feature=GIT,tag=v20110113-1200,repo=dev.eclipse.org:/gitroot/e4/org.eclipse.orion.server.git,path=features/org.eclipse.orion.client-feature