#client
plugin@org.eclipse.orion.client.core=GIT,tag=v20110131-1250,repo=dev.eclipse.org:/gitroot/e4/org.eclipse.orion.client.git,path=bundles/org.eclipse.orion.client.core
plugin@org.eclipse.orion.client.editor=GIT,tag=v20110124-1700,repo=dev.eclipse.org:/gitroot/e4/org.eclipse.orion.client.git,path=bundles/org.eclipse.orion.client.editor
plugin@org.eclipse.orion.client.users.ui=GIT,tag=v20110127-1820,repo=dev.eclipse.org:/gitroot/e4/org.eclipse.orion.client.git,path=bundles/org.eclipse.orion.client.users.ui

#server
plugin@org.eclipse.orion.launching=GIT,tag=v20110113-1200,repo=dev.eclipse.org:/gitroot/e4/org.eclipse.orion.server.git,path=bundles/org.eclipse.orion.launching
plugin@org.eclipse.orion.server.core=GIT,tag=v20110124-1700,repo=dev.eclipse.org:/gitroot/e4/org.eclipse.orion.server.git,path=bundles/org.eclipse.orion.server.core
plugin@org.eclipse.orion.server.servlets=GIT,tag=v20110127-1820,repo=dev.eclipse.org:/gitroot/e4/org.eclipse.orion.server.git,path=bundles/org.eclipse.orion.server.servlets
plugin@org.eclipse.orion.server.configurator=GIT,tag=v20110126-1025,repo=dev.eclipse.org:/gitroot/e4/org.eclipse.orion.server.git,path=bundles/org.eclipse.orion.server.configurator
plugin@org.eclipse.orion.server.basicauth=GIT,tag=v20110113-1200,repo=dev.eclipse.org:/gitroot/e4/org.eclipse.orion.server.git,path=bundles/org.eclipse.orion.server.basicauth
plugin@org.eclipse.orion.server.authentication.form=GIT,tag=v20110127-1820,repo=dev.eclipse.org:/gitroot/e4/org.eclipse.orion.server.git,path=bundles/org.eclipse.orion.server.authentication.form
plugin@org.eclipse.orion.server.authentication.form.core=GIT,tag=v20110127-1820,repo=dev.eclipse.org:/gitroot/e4/org.eclipse.orion.server.git,path=bundles/org.eclipse.orion.server.authentication.form.core
plugin@org.eclipse.orion.server.authentication.formopenid=GIT,tag=v20110127-1820,repo=dev.eclipse.org:/gitroot/e4/org.eclipse.orion.server.git,path=bundles/org.eclipse.orion.server.authentication.formopenid
plugin@org.eclipse.orion.server.authentication.openid=GIT,tag=v20110127-1820,repo=dev.eclipse.org:/gitroot/e4/org.eclipse.orion.server.git,path=bundles/org.eclipse.orion.server.authentication.openid
plugin@org.eclipse.orion.server.authentication.openid.core=GIT,tag=v20110124-1700,repo=dev.eclipse.org:/gitroot/e4/org.eclipse.orion.server.git,path=bundles/org.eclipse.orion.server.authentication.openid.core
plugin@org.eclipse.orion.server.authentication.basic=GIT,tag=v20110124-1700,repo=dev.eclipse.org:/gitroot/e4/org.eclipse.orion.server.git,path=bundles/org.eclipse.orion.server.authentication.basic
plugin@org.eclipse.orion.server.filesystem.git=GIT,tag=v20110124-1700,repo=dev.eclipse.org:/gitroot/e4/org.eclipse.orion.server.git,path=bundles/org.eclipse.orion.server.filesystem.git
plugin@org.eclipse.orion.server.user.securestorage=GIT,tag=v20110128-1437,repo=dev.eclipse.org:/gitroot/e4/org.eclipse.orion.server.git,path=bundles/org.eclipse.orion.server.user.securestorage
plugin@org.eclipse.orion.server.useradmin=GIT,tag=v20110127-1820,repo=dev.eclipse.org:/gitroot/e4/org.eclipse.orion.server.git,path=/bundles/org.eclipse.orion.server.useradmin
plugin@org.eclipse.orion.server.useradmin.xml=GIT,tag=v20110127-1820,repo=dev.eclipse.org:/gitroot/e4/org.eclipse.orion.server.git,path=bundles/org.eclipse.orion.server.useradmin.xml
plugin@org.eclipse.orion.server.search=GIT,tag=v20110124-1700,repo=dev.eclipse.org:/gitroot/e4/org.eclipse.orion.server.git,path=bundles/org.eclipse.orion.server.search
fragment@org.eclipse.orion.server.logback.config=GIT,tag=v20110124-1700,repo=dev.eclipse.org:/gitroot/e4/org.eclipse.orion.server.git,path=bundles/org.eclipse.orion.server.logback.config

#doc
plugin@org.eclipse.orion.doc.isv=GIT,tag=v20110124-1700,repo=dev.eclipse.org:/gitroot/e4/org.eclipse.orion.server.git,path=doc/org.eclipse.orion.doc.isv


plugin@org.eclipse.e4.languages.javascript.framework=CVS,tag=v20101028-1345,cvsRoot=:pserver:anonymous@dev.eclipse.org:/cvsroot/eclipse,path=e4/org.eclipse.e4.languages/bundles/org.eclipse.e4.languages.javascript.framework
plugin@org.eclipse.e4.languages.javascript.junit=CVS,tag=v20101028-1345,cvsRoot=:pserver:anonymous@dev.eclipse.org:/cvsroot/eclipse,path=e4/org.eclipse.e4.languages/bundles/org.eclipse.e4.languages.javascript.junit

plugin@org.dojotoolkit=GET,http://git.eclipse.org/c/e4/org.eclipse.orion.server.git/plain/dependencies/org.dojotoolkit_1.5.0.v150-20100902-IBM.jar,unpack=true
#plugin@org.dojotoolkit,1.5.0=p2IU,id=org.dojotoolkit,version=1.5.0.v20110120926,repository=http://download.eclipse.org/tools/orbit/downloads/drops/S20110124210048/repository
plugin@org.openajax=GET,http://git.eclipse.org/c/e4/org.eclipse.orion.server.git/plain/dependencies/org.openajax_2.0.3.v20101208-1555.jar,unpack=true
plugin@openid4java=GET,http://git.eclipse.org/c/e4/org.eclipse.orion.server.git/plain/dependencies/openid4java_0.9.5.jar,unpack=true
#plugin@org.openid4java,0.9.5=p2IU,id=org.openid4java,version=0.9.5.v20110120926,repository=http://download.eclipse.org/tools/orbit/downloads/drops/S20110124210048/repository
plugin@nekohtml=GET,http://git.eclipse.org/c/e4/org.eclipse.orion.server.git/plain/dependencies/nekohtml_0.9.5.jar,unpack=true


#git
plugin@org.eclipse.jgit=p2IU,id=org.eclipse.jgit,repository=http://eclipse.org/external/egit/updates
plugin@org.eclipse.egit.core=p2IU,id=org.eclipse.egit.core,repository=http://eclipse.org/external/egit/updates

#features
feature@org.eclipse.orion.base.feature=GIT,tag=v20110124-1700,repo=dev.eclipse.org:/gitroot/e4/org.eclipse.orion.server.git,path=features/org.eclipse.orion.base-feature
feature@org.eclipse.orion.server.feature=GIT,tag=v20110124-1700,repo=dev.eclipse.org:/gitroot/e4/org.eclipse.orion.server.git,path=features/org.eclipse.orion.server-feature
feature@org.eclipse.orion.server.search.feature=GIT,tag=v20110124-1700,repo=dev.eclipse.org:/gitroot/e4/org.eclipse.orion.server.git,path=features/org.eclipse.orion.server.search-feature
feature@org.eclipse.orion.server.authentication.feature=GIT,tag=v20110127-1820,repo=dev.eclipse.org:/gitroot/e4/org.eclipse.orion.server.git,path=features/org.eclipse.orion.server.authentication-feature
feature@org.eclipse.orion.client.feature=GIT,tag=v20110125-1800,repo=dev.eclipse.org:/gitroot/e4/org.eclipse.orion.server.git,path=features/org.eclipse.orion.client-feature